// Jest Snapshot v1, https://goo.gl/fbAQLP

exports[`JsonChecker should  1`] = `
<div>
  <button
    class="ant-btn ant-btn-primary ant-btn-sm ant-btn-background-ghost"
    type="button"
  >
    <span>
      view JSON
    </span>
  </button>
</div>
`;

exports[`JsonChecker should work well 1`] = `
<div>
  <button
    class="ant-btn ant-btn-primary ant-btn-sm ant-btn-background-ghost"
    type="button"
  >
    <span>
      view JSON
    </span>
  </button>
</div>
`;
